Fresh working-tree snapshot, no shared node_modules/vendor. No Git commit created.

COMMAND: npm ci --no-audit --no-fund
npm warn reify invalid or damaged lockfile detected
npm warn reify please re-try this operation once it completes
npm warn reify so that the damage can be corrected, or perform
npm warn reify a fresh install with no lockfile if the problem persists.
npm warn reify invalid or damaged lockfile detected
npm warn reify please re-try this operation once it completes
npm warn reify so that the damage can be corrected, or perform
npm warn reify a fresh install with no lockfile if the problem persists.
npm warn reify invalid or damaged lockfile detected
npm warn reify please re-try this operation once it completes
npm warn reify so that the damage can be corrected, or perform
npm warn reify a fresh install with no lockfile if the problem persists.
npm warn reify invalid or damaged lockfile detected
npm warn reify please re-try this operation once it completes
npm warn reify so that the damage can be corrected, or perform
npm warn reify a fresh install with no lockfile if the problem persists.
npm warn reify invalid or damaged lockfile detected
npm warn reify please re-try this operation once it completes
npm warn reify so that the damage can be corrected, or perform
npm warn reify a fresh install with no lockfile if the problem persists.
npm warn reify invalid or damaged lockfile detected
npm warn reify please re-try this operation once it completes
npm warn reify so that the damage can be corrected, or perform
npm warn reify a fresh install with no lockfile if the problem persists.
npm warn reify invalid or damaged lockfile detected
npm warn reify please re-try this operation once it completes
npm warn reify so that the damage can be corrected, or perform
npm warn reify a fresh install with no lockfile if the problem persists.
npm warn reify invalid or damaged lockfile detected
npm warn reify please re-try this operation once it completes
npm warn reify so that the damage can be corrected, or perform
npm warn reify a fresh install with no lockfile if the problem persists.
npm warn reify invalid or damaged lockfile detected
npm warn reify please re-try this operation once it completes
npm warn reify so that the damage can be corrected, or perform
npm warn reify a fresh install with no lockfile if the problem persists.
npm warn reify invalid or damaged lockfile detected
npm warn reify please re-try this operation once it completes
npm warn reify so that the damage can be corrected, or perform
npm warn reify a fresh install with no lockfile if the problem persists.
npm warn reify invalid or damaged lockfile detected
npm warn reify please re-try this operation once it completes
npm warn reify so that the damage can be corrected, or perform
npm warn reify a fresh install with no lockfile if the problem persists.
npm warn reify invalid or damaged lockfile detected
npm warn reify please re-try this operation once it completes
npm warn reify so that the damage can be corrected, or perform
npm warn reify a fresh install with no lockfile if the problem persists.
npm warn deprecated inflight@1.0.6: This module is not supported, and leaks memory. Do not use it. Check out lru-cache if you want a good and tested way to coalesce async requests by a key value, which is much more comprehensive and powerful.
npm warn deprecated inflight@1.0.6: This module is not supported, and leaks memory. Do not use it. Check out lru-cache if you want a good and tested way to coalesce async requests by a key value, which is much more comprehensive and powerful.
npm warn deprecated inflight@1.0.6: This module is not supported, and leaks memory. Do not use it. Check out lru-cache if you want a good and tested way to coalesce async requests by a key value, which is much more comprehensive and powerful.
npm warn deprecated inflight@1.0.6: This module is not supported, and leaks memory. Do not use it. Check out lru-cache if you want a good and tested way to coalesce async requests by a key value, which is much more comprehensive and powerful.
npm warn deprecated inflight@1.0.6: This module is not supported, and leaks memory. Do not use it. Check out lru-cache if you want a good and tested way to coalesce async requests by a key value, which is much more comprehensive and powerful.
npm warn deprecated inflight@1.0.6: This module is not supported, and leaks memory. Do not use it. Check out lru-cache if you want a good and tested way to coalesce async requests by a key value, which is much more comprehensive and powerful.
npm warn deprecated @humanwhocodes/config-array@0.13.0: Use @eslint/config-array instead
npm warn deprecated rimraf@3.0.2: Rimraf versions prior to v4 are no longer supported
npm warn deprecated rimraf@3.0.2: Rimraf versions prior to v4 are no longer supported
npm warn deprecated abab@2.0.6: Use your platform's native atob() and btoa() methods instead
npm warn deprecated abab@2.0.6: Use your platform's native atob() and btoa() methods instead
npm warn deprecated glob@7.2.3: Old versions of glob are not supported, and contain widely publicized security vulnerabilities, which have been fixed in the current version. Please update. Support for old versions may be purchased (at exorbitant rates) by contacting i@izs.me
npm warn deprecated glob@7.2.3: Old versions of glob are not supported, and contain widely publicized security vulnerabilities, which have been fixed in the current version. Please update. Support for old versions may be purchased (at exorbitant rates) by contacting i@izs.me
npm warn deprecated glob@7.2.3: Old versions of glob are not supported, and contain widely publicized security vulnerabilities, which have been fixed in the current version. Please update. Support for old versions may be purchased (at exorbitant rates) by contacting i@izs.me
npm warn deprecated glob@7.2.3: Old versions of glob are not supported, and contain widely publicized security vulnerabilities, which have been fixed in the current version. Please update. Support for old versions may be purchased (at exorbitant rates) by contacting i@izs.me
npm warn deprecated glob@7.2.3: Old versions of glob are not supported, and contain widely publicized security vulnerabilities, which have been fixed in the current version. Please update. Support for old versions may be purchased (at exorbitant rates) by contacting i@izs.me
npm warn deprecated glob@7.2.3: Old versions of glob are not supported, and contain widely publicized security vulnerabilities, which have been fixed in the current version. Please update. Support for old versions may be purchased (at exorbitant rates) by contacting i@izs.me
npm warn deprecated whatwg-encoding@2.0.0: Use @exodus/bytes instead for a more spec-conformant and faster implementation
npm warn deprecated @humanwhocodes/object-schema@2.0.3: Use @eslint/object-schema instead
npm warn deprecated domexception@4.0.0: Use your platform's native DOMException instead
npm warn deprecated uuid@8.3.2: uuid@10 and below is no longer supported.  For ESM codebases, update to uuid@latest.  For CommonJS codebases, use uuid@11 (but be aware this version will likely be deprecated in 2028).
npm warn deprecated eslint@8.57.1: This version is no longer supported. Please see https://eslint.org/version-support for other options.

added 2458 packages in 15s
npm warn install-scripts 5 packages have install scripts not yet covered by allowScripts:
npm warn install-scripts   @parcel/watcher@2.6.0 (install: node scripts/build-from-source.js)
npm warn install-scripts   core-js@3.50.0 (postinstall: node -e "try{require('./postinstall')}catch(e){}")
npm warn install-scripts   core-js-pure@3.50.0 (postinstall: node -e "try{require('./postinstall')}catch(e){}")
npm warn install-scripts   unrs-resolver@1.12.2 (postinstall: node postinstall.js)
npm warn install-scripts   esbuild@0.27.7 (postinstall: node install.js)
npm warn install-scripts
npm warn install-scripts Run `npm install-scripts ls` to review, or `npm install-scripts approve <pkg>` to allow.
EXIT: 0

COMMAND: composer install --no-interaction --prefer-dist
Installing dependencies from lock file (including require-dev)
Verifying lock file contents can be installed on current platform.
Package operations: 39 installs, 0 updates, 0 removals
    0 [>---------------------------]    0 [->--------------------------]
  - Installing squizlabs/php_codesniffer (3.13.6): Extracting archive
  - Installing dealerdirect/phpcodesniffer-composer-installer (v1.2.1): Extracting archive
  - Installing hamcrest/hamcrest-php (v2.1.1): Extracting archive
  - Installing mockery/mockery (1.6.12): Extracting archive
  - Installing antecedent/patchwork (2.2.3): Extracting archive
  - Installing brain/monkey (2.7.0): Extracting archive
  - Installing sebastian/version (4.0.1): Extracting archive
  - Installing sebastian/type (4.0.0): Extracting archive
  - Installing sebastian/recursion-context (5.0.1): Extracting archive
  - Installing sebastian/object-reflector (3.0.0): Extracting archive
  - Installing sebastian/object-enumerator (5.0.0): Extracting archive
  - Installing sebastian/global-state (6.0.2): Extracting archive
  - Installing sebastian/exporter (5.1.4): Extracting archive
  - Installing sebastian/environment (6.1.0): Extracting archive
  - Installing sebastian/diff (5.1.1): Extracting archive
  - Installing sebastian/comparator (5.0.5): Extracting archive
  - Installing sebastian/code-unit (2.0.0): Extracting archive
  - Installing sebastian/cli-parser (2.0.1): Extracting archive
  - Installing phpunit/php-timer (6.0.0): Extracting archive
  - Installing phpunit/php-text-template (3.0.1): Extracting archive
  - Installing phpunit/php-invoker (4.0.0): Extracting archive
  - Installing phpunit/php-file-iterator (4.1.0): Extracting archive
  - Installing theseer/tokenizer (1.3.1): Extracting archive
  - Installing nikic/php-parser (v5.8.0): Extracting archive
  - Installing sebastian/lines-of-code (2.0.2): Extracting archive
  - Installing sebastian/complexity (3.2.0): Extracting archive
  - Installing sebastian/code-unit-reverse-lookup (3.0.0): Extracting archive
  - Installing phpunit/php-code-coverage (10.1.16): Extracting archive
  - Installing phar-io/version (3.2.1): Extracting archive
  - Installing phar-io/manifest (2.0.4): Extracting archive
  - Installing myclabs/deep-copy (1.13.4): Extracting archive
  - Installing phpunit/phpunit (10.5.64): Extracting archive
  - Installing symfony/polyfill-php73 (v1.37.0): Extracting archive
  - Installing phpstan/phpstan (1.12.34): Extracting archive
  - Installing php-stubs/wordpress-stubs (v6.9.4): Extracting archive
  - Installing szepeviktor/phpstan-wordpress (v1.3.5): Extracting archive
  - Installing phpcsstandards/phpcsutils (1.2.3): Extracting archive
  - Installing phpcsstandards/phpcsextra (1.5.1): Extracting archive
  - Installing wp-coding-standards/wpcs (3.4.1): Extracting archive
  0/37 [>---------------------------]   0%
 34/37 [=========================>--]  91%
 37/37 [============================] 100%
Generating optimized autoload files
31 packages you are using are looking for funding.
Use the `composer fund` command to find out more!
PHP CodeSniffer Config installed_paths set to ../../phpcsstandards/phpcsextra,../../phpcsstandards/phpcsutils,../../wp-coding-standards/wpcs
EXIT: 0

COMMAND: npm run dev

> velog@0.1.0 dev
> node scripts/build.mjs --mode=development

Built 8 files (development).
EXIT: 0

COMMAND: npm run release

> velog@0.1.0 release
> node scripts/release.mjs

./composer.json is valid

> velog@0.1.0 check
> bash bin/check.sh

No syntax errors detected in velog.php
No syntax errors detected in uninstall.php
No syntax errors detected in src/Core/Loader.php
No syntax errors detected in src/Core/Deactivator.php
No syntax errors detected in src/Core/Activator.php
No syntax errors detected in src/Core/Plugin.php
> phpcs --standard=phpcs.xml
> phpstan analyse --configuration=phpstan.neon

⚠️  You're running an old version of PHPStan.️

The last release in the 1.12.x series with new features
and bugfixes was released on July 17th 2025,
that's 427 days ago.

Since then more than 65 new PHPStan versions were released
with hundreds of new features, bugfixes, and other
quality of life improvements.

To learn about what you're missing out on, check out
this blog with articles about the latest major releases:
https://phpstan.org/blog

Upgrade today to PHPStan 2.2 or newer by using
"phpstan/phpstan": "^2.2" in your composer.json.

 0/6 [░░░░░░░░░░░░░░░░░░░░░░░░░░░░]   0%[1G[2K 6/6 [▓▓▓▓▓▓▓▓▓▓▓▓▓▓▓▓▓▓▓▓▓▓▓▓▓▓▓▓] 100%


 [OK] No errors                                                                 

Quality checks passed. Report: reports/check-2026-09-17_17-04-44.log
> phpunit --configuration=tests/phpunit.xml
PHPUnit 10.5.64 by Sebastian Bergmann and contributors.

Runtime:       PHP 8.3.6
Configuration: /tmp/velog-architect-clean-2lkartn_/tests/phpunit.xml

.....                                                               5 / 5 (100%)

Time: 00:00.004, Memory: 8.00 MB

OK (5 tests, 10 assertions)
Built 4 files (production).
Generating optimized autoload files
Generated optimized autoload files containing 5 classes
Release verified: 22 runtime files
/tmp/velog-architect-clean-2lkartn_/release/velog
/tmp/velog-architect-clean-2lkartn_/release/velog-0.1.0.zip
EXIT: 0
PASS: lockfile unchanged; clean snapshot builds and packages successfully.
