npm warn reify invalid or damaged lockfile detected
npm warn reify please re-try this operation once it completes
npm warn reify so that the damage can be corrected, or perform
npm warn reify a fresh install with no lockfile if the problem persists.
npm warn reify invalid or damaged lockfile detected
npm warn reify please re-try this operation once it completes
npm warn reify so that the damage can be corrected, or perform
npm warn reify a fresh install with no lockfile if the problem persists.
npm warn reify invalid or damaged lockfile detected
npm warn reify please re-try this operation once it completes
npm warn reify so that the damage can be corrected, or perform
npm warn reify a fresh install with no lockfile if the problem persists.
npm warn reify invalid or damaged lockfile detected
npm warn reify please re-try this operation once it completes
npm warn reify so that the damage can be corrected, or perform
npm warn reify a fresh install with no lockfile if the problem persists.
npm warn reify invalid or damaged lockfile detected
npm warn reify please re-try this operation once it completes
npm warn reify so that the damage can be corrected, or perform
npm warn reify a fresh install with no lockfile if the problem persists.
npm warn reify invalid or damaged lockfile detected
npm warn reify please re-try this operation once it completes
npm warn reify so that the damage can be corrected, or perform
npm warn reify a fresh install with no lockfile if the problem persists.
npm warn reify invalid or damaged lockfile detected
npm warn reify please re-try this operation once it completes
npm warn reify so that the damage can be corrected, or perform
npm warn reify a fresh install with no lockfile if the problem persists.
npm warn reify invalid or damaged lockfile detected
npm warn reify please re-try this operation once it completes
npm warn reify so that the damage can be corrected, or perform
npm warn reify a fresh install with no lockfile if the problem persists.
npm warn reify invalid or damaged lockfile detected
npm warn reify please re-try this operation once it completes
npm warn reify so that the damage can be corrected, or perform
npm warn reify a fresh install with no lockfile if the problem persists.
npm warn reify invalid or damaged lockfile detected
npm warn reify please re-try this operation once it completes
npm warn reify so that the damage can be corrected, or perform
npm warn reify a fresh install with no lockfile if the problem persists.
npm warn reify invalid or damaged lockfile detected
npm warn reify please re-try this operation once it completes
npm warn reify so that the damage can be corrected, or perform
npm warn reify a fresh install with no lockfile if the problem persists.
npm warn reify invalid or damaged lockfile detected
npm warn reify please re-try this operation once it completes
npm warn reify so that the damage can be corrected, or perform
npm warn reify a fresh install with no lockfile if the problem persists.
npm warn deprecated inflight@1.0.6: This module is not supported, and leaks memory. Do not use it. Check out lru-cache if you want a good and tested way to coalesce async requests by a key value, which is much more comprehensive and powerful.
npm warn deprecated inflight@1.0.6: This module is not supported, and leaks memory. Do not use it. Check out lru-cache if you want a good and tested way to coalesce async requests by a key value, which is much more comprehensive and powerful.
npm warn deprecated inflight@1.0.6: This module is not supported, and leaks memory. Do not use it. Check out lru-cache if you want a good and tested way to coalesce async requests by a key value, which is much more comprehensive and powerful.
npm warn deprecated inflight@1.0.6: This module is not supported, and leaks memory. Do not use it. Check out lru-cache if you want a good and tested way to coalesce async requests by a key value, which is much more comprehensive and powerful.
npm warn deprecated inflight@1.0.6: This module is not supported, and leaks memory. Do not use it. Check out lru-cache if you want a good and tested way to coalesce async requests by a key value, which is much more comprehensive and powerful.
npm warn deprecated inflight@1.0.6: This module is not supported, and leaks memory. Do not use it. Check out lru-cache if you want a good and tested way to coalesce async requests by a key value, which is much more comprehensive and powerful.
npm warn deprecated @humanwhocodes/config-array@0.13.0: Use @eslint/config-array instead
npm warn deprecated rimraf@3.0.2: Rimraf versions prior to v4 are no longer supported
npm warn deprecated rimraf@3.0.2: Rimraf versions prior to v4 are no longer supported
npm warn deprecated abab@2.0.6: Use your platform's native atob() and btoa() methods instead
npm warn deprecated abab@2.0.6: Use your platform's native atob() and btoa() methods instead
npm warn deprecated glob@7.2.3: Old versions of glob are not supported, and contain widely publicized security vulnerabilities, which have been fixed in the current version. Please update. Support for old versions may be purchased (at exorbitant rates) by contacting i@izs.me
npm warn deprecated glob@7.2.3: Old versions of glob are not supported, and contain widely publicized security vulnerabilities, which have been fixed in the current version. Please update. Support for old versions may be purchased (at exorbitant rates) by contacting i@izs.me
npm warn deprecated glob@7.2.3: Old versions of glob are not supported, and contain widely publicized security vulnerabilities, which have been fixed in the current version. Please update. Support for old versions may be purchased (at exorbitant rates) by contacting i@izs.me
npm warn deprecated glob@7.2.3: Old versions of glob are not supported, and contain widely publicized security vulnerabilities, which have been fixed in the current version. Please update. Support for old versions may be purchased (at exorbitant rates) by contacting i@izs.me
npm warn deprecated glob@7.2.3: Old versions of glob are not supported, and contain widely publicized security vulnerabilities, which have been fixed in the current version. Please update. Support for old versions may be purchased (at exorbitant rates) by contacting i@izs.me
npm warn deprecated glob@7.2.3: Old versions of glob are not supported, and contain widely publicized security vulnerabilities, which have been fixed in the current version. Please update. Support for old versions may be purchased (at exorbitant rates) by contacting i@izs.me
npm warn deprecated whatwg-encoding@2.0.0: Use @exodus/bytes instead for a more spec-conformant and faster implementation
npm warn deprecated @humanwhocodes/object-schema@2.0.3: Use @eslint/object-schema instead
npm warn deprecated domexception@4.0.0: Use your platform's native DOMException instead
npm warn deprecated uuid@8.3.2: uuid@10 and below is no longer supported.  For ESM codebases, update to uuid@latest.  For CommonJS codebases, use uuid@11 (but be aware this version will likely be deprecated in 2028).
npm warn deprecated eslint@8.57.1: This version is no longer supported. Please see https://eslint.org/version-support for other options.

added 2458 packages in 27s
npm warn install-scripts 5 packages have install scripts not yet covered by allowScripts:
npm warn install-scripts   @parcel/watcher@2.6.0 (install: node scripts/build-from-source.js)
npm warn install-scripts   core-js@3.50.0 (postinstall: node -e "try{require('./postinstall')}catch(e){}")
npm warn install-scripts   core-js-pure@3.50.0 (postinstall: node -e "try{require('./postinstall')}catch(e){}")
npm warn install-scripts   unrs-resolver@1.12.2 (postinstall: node postinstall.js)
npm warn install-scripts   esbuild@0.27.7 (postinstall: node install.js)
npm warn install-scripts
npm warn install-scripts Run `npm install-scripts ls` to review, or `npm install-scripts approve <pkg>` to allow.
